2026-09-22 04:47:36 INFO User logged in successfully
2026-09-22 02:05:05 INFO User logged in successfully
2026-09-22 16:24:43 WARN Connection is unstable
2026-09-22 09:50:06 INFO File uploaded successfully
2026-09-22 19:53:12 WARN Connection is unstable
2026-09-22 01:42:10 WARN Disk space is getting low
2026-09-22 03:17:33 WARN Connection is unstable
2026-09-22 05:40:58 INFO Request processed successfully
2026-09-22 15:56:31 WARN High memory usage detected
2026-09-22 11:17:14 ERROR Database connection failed
2026-09-22 21:52:21 ERROR Database connection failed
2026-09-22 22:52:54 WARN High memory usage detected
2026-09-22 11:34:04 ERROR File not found
2026-09-22 01:35:19 ERROR Request timeout
2026-09-22 00:42:24 ERROR Request timeout
2026-09-22 22:32:45 WARN Disk space is getting low
2026-09-22 03:16:48 INFO File uploaded successfully
2026-09-22 01:52:19 WARN High memory usage detected
2026-09-22 23:45:53 INFO Request processed successfully
2026-09-22 11:33:54 ERROR Database connection failed
2026-09-22 13:22:19 ERROR Authentication failed
2026-09-22 05:00:15 ERROR Request timeout
2026-09-22 03:45:36 ERROR Database connection failed
2026-09-22 06:26:48 WARN Disk space is getting low
2026-09-22 08:13:25 ERROR Authentication failed
2026-09-22 14:41:59 ERROR Database connection failed
2026-09-22 17:56:04 ERROR Database connection failed
2026-09-22 12:56:40 WARN High memory usage detected
2026-09-22 22:48:38 ERROR Database connection failed
2026-09-22 01:40:36 INFO User logged in successfully
2026-09-22 18:47:10 INFO Data processing completed
2026-09-22 20:50:29 ERROR Authentication failed
2026-09-22 08:15:53 INFO File uploaded successfully
2026-09-22 00:54:40 ERROR Database connection failed
2026-09-22 23:00:36 WARN API rate limit approaching
2026-09-22 05:10:54 WARN Slow response time detected
2026-09-22 00:30:02 ERROR Database connection failed
2026-09-22 23:13:42 WARN Slow response time detected
2026-09-22 06:21:09 INFO User logged in successfully
2026-09-22 02:59:07 ERROR Database connection failed
2026-09-22 05:25:21 INFO Database connection established
2026-09-22 04:34:34 INFO Data processing completed
2026-09-22 22:57:15 WARN Connection is unstable
2026-09-22 21:41:53 INFO Request processed successfully
2026-09-22 21:24:15 ERROR Database connection failed
2026-09-22 22:03:32 WARN API rate limit approaching
2026-09-22 13:38:41 ERROR Authentication failed
2026-09-22 14:27:39 ERROR Authentication failed
2026-09-22 00:20:31 INFO File uploaded successfully
2026-09-22 16:15:37 WARN API rate limit approaching
2026-09-22 14:44:34 ERROR Request timeout
2026-09-22 02:09:46 ERROR File not found
2026-09-22 07:58:31 INFO Request processed successfully
2026-09-22 18:50:36 WARN Slow response time detected
2026-09-22 03:52:10 WARN Disk space is getting low
2026-09-22 13:48:56 WARN Connection is unstable
2026-09-22 10:48:05 INFO File uploaded successfully
2026-09-22 12:02:51 WARN High memory usage detected
2026-09-22 16:44:41 ERROR Authentication failed
2026-09-22 21:47:40 ERROR Request timeout
2026-09-22 05:46:04 INFO File uploaded successfully
2026-09-22 20:21:19 ERROR Database connection failed
2026-09-22 04:23:16 ERROR Request timeout
2026-09-22 04:32:14 ERROR Authentication failed
2026-09-22 19:44:18 INFO Database connection established
2026-09-22 01:50:05 WARN High memory usage detected
2026-09-22 11:34:08 ERROR Authentication failed
2026-09-22 15:43:52 WARN High memory usage detected
2026-09-22 12:50:16 WARN Disk space is getting low
2026-09-22 11:20:47 ERROR Database connection failed
2026-09-22 15:47:29 INFO File uploaded successfully
2026-09-22 14:26:35 ERROR Request timeout
2026-09-22 06:34:51 WARN Slow response time detected
2026-09-22 19:21:05 ERROR Database connection failed
2026-09-22 19:08:02 WARN Connection is unstable
2026-09-22 06:55:46 WARN Disk space is getting low
2026-09-22 12:37:06 WARN Connection is unstable
2026-09-22 09:38:21 WARN Connection is unstable
2026-09-22 20:17:05 WARN Slow response time detected
2026-09-22 14:41:09 WARN Slow response time detected
2026-09-22 16:39:30 INFO File uploaded successfully
2026-09-22 23:49:42 WARN High memory usage detected
2026-09-22 10:39:12 WARN Disk space is getting low
2026-09-22 19:45:41 WARN API rate limit approaching
2026-09-22 13:16:56 INFO User logged in successfully
2026-09-22 03:07:15 INFO User logged in successfully
2026-09-22 02:16:22 INFO Request processed successfully
2026-09-22 14:22:56 INFO Request processed successfully
2026-09-22 03:39:44 WARN Disk space is getting low
2026-09-22 05:35:00 ERROR Database connection failed
2026-09-22 21:40:19 ERROR Request timeout
2026-09-22 14:00:42 WARN High memory usage detected
2026-09-22 20:25:37 ERROR Authentication failed
2026-09-22 13:34:16 INFO Data processing completed
2026-09-22 14:57:58 ERROR Request timeout
2026-09-22 23:36:11 WARN High memory usage detected
2026-09-22 02:20:38 WARN Disk space is getting low
2026-09-22 05:46:01 INFO File uploaded successfully
2026-09-22 22:02:19 INFO File uploaded successfully
2026-09-22 21:52:29 WARN Disk space is getting low
2026-09-22 21:00:35 ERROR Authentication failed
2026-09-22 05:26:02 WARN Slow response time detected
2026-09-22 12:21:56 INFO File uploaded successfully
2026-09-22 10:28:51 ERROR Request timeout
2026-09-22 09:30:28 WARN High memory usage detected
2026-09-22 03:43:35 WARN Disk space is getting low
2026-09-22 05:52:48 WARN Disk space is getting low
2026-09-22 14:55:26 WARN High memory usage detected
2026-09-22 13:28:28 ERROR Database connection failed
2026-09-22 09:31:51 INFO Data processing completed
2026-09-22 20:08:20 INFO Data processing completed
2026-09-22 02:17:18 INFO File uploaded successfully
2026-09-22 01:34:30 INFO User logged in successfully
2026-09-22 02:40:39 INFO User logged in successfully
2026-09-22 19:58:51 ERROR File not found
2026-09-22 02:26:22 INFO Database connection established
2026-09-22 00:42:37 INFO User logged in successfully
2026-09-22 20:36:50 ERROR Authentication failed
2026-09-22 12:22:35 ERROR Authentication failed
2026-09-22 09:07:59 ERROR Request timeout
2026-09-22 04:44:47 ERROR Authentication failed
2026-09-22 01:52:45 ERROR File not found
2026-09-22 13:30:31 ERROR Authentication failed
2026-09-22 09:57:04 WARN High memory usage detected
2026-09-22 15:59:48 WARN Connection is unstable
2026-09-22 10:29:46 WARN Disk space is getting low
2026-09-22 19:42:00 INFO Request processed successfully
2026-09-22 20:12:23 WARN Slow response time detected
2026-09-22 21:52:10 WARN Connection is unstable
2026-09-22 15:42:32 ERROR Authentication failed
2026-09-22 06:47:27 WARN Connection is unstable
2026-09-22 09:11:18 WARN Slow response time detected
2026-09-22 08:14:42 WARN Connection is unstable
2026-09-22 23:20:58 INFO Request processed successfully
2026-09-22 04:38:30 WARN Disk space is getting low
2026-09-22 23:09:28 WARN Slow response time detected
2026-09-22 00:21:07 INFO File uploaded successfully
2026-09-22 15:09:54 INFO Database connection established
2026-09-22 02:10:16 ERROR Request timeout
2026-09-22 21:55:58 WARN Disk space is getting low
2026-09-22 06:06:42 WARN Connection is unstable
2026-09-22 08:12:21 INFO Data processing completed
2026-09-22 06:00:40 ERROR File not found
2026-09-22 19:32:44 INFO Request processed successfully
2026-09-22 03:27:04 WARN High memory usage detected
2026-09-22 17:17:08 WARN Slow response time detected
2026-09-22 01:16:53 INFO Data processing completed
2026-09-22 22:42:09 ERROR Request timeout
2026-09-22 04:21:02 INFO User logged in successfully
2026-09-22 07:57:45 ERROR File not found
2026-09-22 12:51:42 ERROR Request timeout
2026-09-22 10:18:27 ERROR Database connection failed
2026-09-22 17:08:54 ERROR Request timeout
2026-09-22 05:27:48 ERROR Database connection failed
2026-09-22 01:19:29 ERROR Database connection failed
2026-09-22 23:50:54 ERROR Request timeout
2026-09-22 19:51:47 INFO User logged in successfully
2026-09-22 00:54:48 ERROR Database connection failed
2026-09-22 12:21:01 WARN Disk space is getting low
2026-09-22 18:38:26 INFO File uploaded successfully
2026-09-22 22:15:48 WARN API rate limit approaching
2026-09-22 00:10:52 ERROR Database connection failed
2026-09-22 03:23:47 WARN Connection is unstable
2026-09-22 19:53:14 WARN API rate limit approaching
2026-09-22 19:28:57 WARN API rate limit approaching
2026-09-22 02:13:20 INFO File uploaded successfully
2026-09-22 05:12:40 INFO User logged in successfully
2026-09-22 11:52:58 ERROR Database connection failed
2026-09-22 10:43:42 ERROR Authentication failed
2026-09-22 15:23:30 WARN API rate limit approaching
2026-09-22 07:35:28 ERROR Authentication failed
2026-09-22 13:09:35 INFO Database connection established
2026-09-22 06:58:05 INFO User logged in successfully
2026-09-22 09:06:14 WARN Disk space is getting low
2026-09-22 22:09:43 INFO User logged in successfully
2026-09-22 01:46:23 INFO Data processing completed
2026-09-22 15:13:04 WARN Slow response time detected
2026-09-22 00:37:06 ERROR Request timeout
2026-09-22 19:52:32 ERROR File not found
2026-09-22 03:34:30 WARN High memory usage detected
2026-09-22 05:22:45 WARN Connection is unstable
2026-09-22 09:38:56 ERROR File not found
2026-09-22 13:03:55 INFO Request processed successfully
2026-09-22 23:18:47 INFO Data processing completed
2026-09-22 10:24:46 ERROR File not found
2026-09-22 03:45:17 INFO Data processing completed
2026-09-22 18:13:51 INFO Request processed successfully
2026-09-22 08:33:06 WARN Slow response time detected
2026-09-22 09:41:55 WARN API rate limit approaching
2026-09-22 13:08:23 WARN Disk space is getting low
2026-09-22 07:22:31 WARN High memory usage detected
2026-09-22 06:41:20 WARN High memory usage detected
2026-09-22 15:57:17 WARN High memory usage detected
2026-09-22 22:28:25 WARN API rate limit approaching
2026-09-22 04:29:34 INFO File uploaded successfully
2026-09-22 06:10:43 ERROR Database connection failed
2026-09-22 21:30:45 WARN API rate limit approaching
2026-09-22 22:48:10 WARN Slow response time detected
2026-09-22 19:12:18 WARN Disk space is getting low
2026-09-22 10:49:04 INFO Request processed successfully
2026-09-22 21:12:36 INFO File uploaded successfully
2026-09-22 01:03:27 WARN Disk space is getting low
2026-09-22 04:44:20 WARN High memory usage detected
2026-09-22 21:12:30 ERROR Database connection failed
2026-09-22 09:31:26 WARN Disk space is getting low
2026-09-22 18:55:32 WARN API rate limit approaching
2026-09-22 02:27:27 WARN Connection is unstable
2026-09-22 03:16:14 INFO Data processing completed
2026-09-22 04:57:54 WARN Connection is unstable
2026-09-22 22:19:24 ERROR Database connection failed
2026-09-22 07:56:13 WARN High memory usage detected
2026-09-22 05:06:25 WARN Connection is unstable
2026-09-22 22:07:59 WARN API rate limit approaching
2026-09-22 23:12:26 INFO Database connection established
2026-09-22 07:17:41 WARN High memory usage detected
2026-09-22 13:37:39 ERROR Authentication failed
2026-09-22 05:04:47 WARN Connection is unstable
2026-09-22 11:04:23 WARN High memory usage detected
2026-09-22 06:05:58 INFO User logged in successfully
2026-09-22 10:11:41 WARN High memory usage detected
2026-09-22 03:22:21 ERROR File not found
2026-09-22 21:57:05 ERROR Database connection failed
2026-09-22 05:01:53 WARN Disk space is getting low
2026-09-22 06:38:14 WARN Connection is unstable
2026-09-22 07:16:12 ERROR File not found
2026-09-22 18:29:40 ERROR Authentication failed
2026-09-22 19:07:33 WARN High memory usage detected
2026-09-22 00:09:08 ERROR File not found
2026-09-22 21:29:47 WARN Connection is unstable
2026-09-22 18:39:26 ERROR Database connection failed
2026-09-22 15:00:54 ERROR Authentication failed
2026-09-22 00:56:32 INFO User logged in successfully
2026-09-22 14:10:02 INFO Request processed successfully
2026-09-22 09:06:45 WARN API rate limit approaching
2026-09-22 12:37:28 INFO Data processing completed
2026-09-22 14:00:36 INFO Request processed successfully
2026-09-22 05:34:07 WARN API rate limit approaching
2026-09-22 15:42:34 INFO User logged in successfully
2026-09-22 06:39:37 WARN High memory usage detected
2026-09-22 14:25:07 INFO File uploaded successfully
2026-09-22 03:22:06 WARN Slow response time detected
2026-09-22 09:08:02 WARN High memory usage detected
2026-09-22 01:38:23 INFO Data processing completed
2026-09-22 01:56:59 INFO Data processing completed
2026-09-22 23:59:09 WARN Slow response time detected
2026-09-22 02:17:02 WARN High memory usage detected
2026-09-22 21:16:09 INFO Data processing completed
2026-09-22 19:19:53 INFO Database connection established
2026-09-22 17:25:21 WARN High memory usage detected
2026-09-22 05:22:21 ERROR Database connection failed
